Args in experiment:
Namespace(random_seed=2021, is_training=1, model_id='sunspot', model='PatchTST', data='custom', root_path='./PatchTST_supervised/dataset/', data_path='sunspot_with_cycle.csv', features='MS', target='ssn', freq='m', test_start='1996-08', test_end='2008-11', checkpoints='./checkpoints/', seq_len=336, label_len=48, pred_len=24, fc_dropout=0.05, head_dropout=0.0, patch_len=16, stride=8, padding_patch='end', revin=1, affine=0, subtract_last=0, decomposition=0, kernel_size=25, individual=0, embed_type=0, enc_in=3, dec_in=5, c_out=1, d_model=256, n_heads=8, e_layers=2, d_layers=1, d_ff=2048, moving_avg=25, factor=1, distil=True, dropout=0.05, embed='timeF', activation='gelu', output_attention=False, do_predict=False, num_workers=0, itr=1, train_epochs=50, batch_size=16, patience=100, learning_rate=0.0001, des='EXP-18-4b', loss='mse', lradj='type3', pct_start=0.3, use_amp=False, use_gpu=False, gpu=0, use_multi_gpu=False, devices='0,1,2,3', test_flop=False)
Use CPU
>>>>>>>start training : sunspot_PatchTST_custom_ftMS_sl336_ll48_pl24_dm256_nh8_el2_dl1_df2048_fc1_ebtimeF_dtTrue_EXP-18-4b_0>>>>>>>>>>>>>>>>>>>>>>>>>>
train 2479
val 109
test 125
	iters: 100, epoch: 1 | loss: 0.3811398
	speed: 0.2927s/iter; left time: 2225.1173s
Epoch: 1 cost time: 44.469624757766724
Epoch: 1, Steps: 154 | Train Loss: 0.8034406 Vali Loss: 0.4396430 Test Loss: 0.2425424
Validation loss decreased (inf --> 0.439643).  Saving model ...
Updating learning rate to 0.0001
	iters: 100, epoch: 2 | loss: 0.4172123
	speed: 0.4576s/iter; left time: 3407.4648s
Epoch: 2 cost time: 45.569212675094604
Epoch: 2, Steps: 154 | Train Loss: 0.3701808 Vali Loss: 0.3145567 Test Loss: 0.2140101
Validation loss decreased (0.439643 --> 0.314557).  Saving model ...
Updating learning rate to 0.0001
	iters: 100, epoch: 3 | loss: 0.2971987
	speed: 0.4649s/iter; left time: 3390.8265s
Epoch: 3 cost time: 44.147057056427
Epoch: 3, Steps: 154 | Train Loss: 0.2849169 Vali Loss: 0.2946811 Test Loss: 0.2109552
Validation loss decreased (0.314557 --> 0.294681).  Saving model ...
Updating learning rate to 0.0001
	iters: 100, epoch: 4 | loss: 0.1798023
	speed: 0.4541s/iter; left time: 3241.7516s
Epoch: 4 cost time: 44.83003854751587
Epoch: 4, Steps: 154 | Train Loss: 0.2697555 Vali Loss: 0.3554855 Test Loss: 0.2536025
EarlyStopping counter: 1 out of 100
Updating learning rate to 9e-05
	iters: 100, epoch: 5 | loss: 0.2549170
	speed: 0.4694s/iter; left time: 3278.9001s
Epoch: 5 cost time: 45.42093849182129
Epoch: 5, Steps: 154 | Train Loss: 0.2578889 Vali Loss: 0.3135183 Test Loss: 0.2127430
EarlyStopping counter: 2 out of 100
Updating learning rate to 8.1e-05
	iters: 100, epoch: 6 | loss: 0.2582630
	speed: 0.4453s/iter; left time: 3041.7708s
Epoch: 6 cost time: 43.3988881111145
Epoch: 6, Steps: 154 | Train Loss: 0.2507580 Vali Loss: 0.3902004 Test Loss: 0.2662137
EarlyStopping counter: 3 out of 100
Updating learning rate to 7.290000000000001e-05
	iters: 100, epoch: 7 | loss: 0.1466720
	speed: 0.4411s/iter; left time: 2945.0889s
Epoch: 7 cost time: 42.834712743759155
Epoch: 7, Steps: 154 | Train Loss: 0.2407761 Vali Loss: 0.3487492 Test Loss: 0.2252920
EarlyStopping counter: 4 out of 100
Updating learning rate to 6.561e-05
	iters: 100, epoch: 8 | loss: 0.4467987
	speed: 0.4467s/iter; left time: 2913.8170s
Epoch: 8 cost time: 43.97973155975342
Epoch: 8, Steps: 154 | Train Loss: 0.2317753 Vali Loss: 0.3359984 Test Loss: 0.2181374
EarlyStopping counter: 5 out of 100
Updating learning rate to 5.904900000000001e-05
	iters: 100, epoch: 9 | loss: 0.2406358
	speed: 0.4663s/iter; left time: 2969.6293s
Epoch: 9 cost time: 46.73281455039978
Epoch: 9, Steps: 154 | Train Loss: 0.2202803 Vali Loss: 0.4308068 Test Loss: 0.2859476
EarlyStopping counter: 6 out of 100
Updating learning rate to 5.3144100000000005e-05
	iters: 100, epoch: 10 | loss: 0.1564521
	speed: 0.4534s/iter; left time: 2818.1283s
Epoch: 10 cost time: 43.28313064575195
Epoch: 10, Steps: 154 | Train Loss: 0.2065592 Vali Loss: 0.3596485 Test Loss: 0.2528519
EarlyStopping counter: 7 out of 100
Updating learning rate to 4.782969000000001e-05
	iters: 100, epoch: 11 | loss: 0.2354954
	speed: 0.4458s/iter; left time: 2702.0317s
Epoch: 11 cost time: 44.23602294921875
Epoch: 11, Steps: 154 | Train Loss: 0.1965940 Vali Loss: 0.3456247 Test Loss: 0.2333457
EarlyStopping counter: 8 out of 100
Updating learning rate to 4.304672100000001e-05
	iters: 100, epoch: 12 | loss: 0.1462194
	speed: 0.4617s/iter; left time: 2727.4787s
Epoch: 12 cost time: 43.81932210922241
Epoch: 12, Steps: 154 | Train Loss: 0.1872571 Vali Loss: 0.4193685 Test Loss: 0.2973192
EarlyStopping counter: 9 out of 100
Updating learning rate to 3.874204890000001e-05
	iters: 100, epoch: 13 | loss: 0.1703318
	speed: 0.4503s/iter; left time: 2590.6601s
Epoch: 13 cost time: 44.72093939781189
Epoch: 13, Steps: 154 | Train Loss: 0.1779665 Vali Loss: 0.3718964 Test Loss: 0.2492720
EarlyStopping counter: 10 out of 100
Updating learning rate to 3.486784401000001e-05
	iters: 100, epoch: 14 | loss: 0.1506894
	speed: 0.4573s/iter; left time: 2560.5045s
Epoch: 14 cost time: 44.18128705024719
Epoch: 14, Steps: 154 | Train Loss: 0.1697986 Vali Loss: 0.3375880 Test Loss: 0.2357998
EarlyStopping counter: 11 out of 100
Updating learning rate to 3.138105960900001e-05
	iters: 100, epoch: 15 | loss: 0.1442867
	speed: 0.4511s/iter; left time: 2456.2510s
Epoch: 15 cost time: 44.527053117752075
Epoch: 15, Steps: 154 | Train Loss: 0.1620984 Vali Loss: 0.3783163 Test Loss: 0.2570670
EarlyStopping counter: 12 out of 100
Updating learning rate to 2.824295364810001e-05
	iters: 100, epoch: 16 | loss: 0.1505450
	speed: 0.4462s/iter; left time: 2360.9752s
Epoch: 16 cost time: 43.709800481796265
Epoch: 16, Steps: 154 | Train Loss: 0.1560442 Vali Loss: 0.3689645 Test Loss: 0.2383409
EarlyStopping counter: 13 out of 100
Updating learning rate to 2.541865828329001e-05
	iters: 100, epoch: 17 | loss: 0.1301626
	speed: 0.4564s/iter; left time: 2344.4149s
Epoch: 17 cost time: 43.825241565704346
Epoch: 17, Steps: 154 | Train Loss: 0.1518830 Vali Loss: 0.4123499 Test Loss: 0.2766276
EarlyStopping counter: 14 out of 100
Updating learning rate to 2.287679245496101e-05
	iters: 100, epoch: 18 | loss: 0.1791774
	speed: 0.4513s/iter; left time: 2248.7321s
Epoch: 18 cost time: 44.13373398780823
Epoch: 18, Steps: 154 | Train Loss: 0.1457819 Vali Loss: 0.4213786 Test Loss: 0.2799889
EarlyStopping counter: 15 out of 100
Updating learning rate to 2.0589113209464907e-05
	iters: 100, epoch: 19 | loss: 0.1229767
	speed: 0.4484s/iter; left time: 2165.4722s
Epoch: 19 cost time: 44.812766313552856
Epoch: 19, Steps: 154 | Train Loss: 0.1439583 Vali Loss: 0.4135754 Test Loss: 0.2657071
EarlyStopping counter: 16 out of 100
Updating learning rate to 1.8530201888518416e-05
	iters: 100, epoch: 20 | loss: 0.1641449
	speed: 0.4750s/iter; left time: 2220.4442s
Epoch: 20 cost time: 45.897343158721924
Epoch: 20, Steps: 154 | Train Loss: 0.1405065 Vali Loss: 0.4124711 Test Loss: 0.2625782
EarlyStopping counter: 17 out of 100
Updating learning rate to 1.6677181699666577e-05
	iters: 100, epoch: 21 | loss: 0.1242447
	speed: 0.4541s/iter; left time: 2053.1301s
Epoch: 21 cost time: 43.876359701156616
Epoch: 21, Steps: 154 | Train Loss: 0.1372454 Vali Loss: 0.3999071 Test Loss: 0.2796053
EarlyStopping counter: 18 out of 100
Updating learning rate to 1.5009463529699919e-05
	iters: 100, epoch: 22 | loss: 0.1382826
	speed: 0.4557s/iter; left time: 1989.8527s
Epoch: 22 cost time: 44.72689414024353
Epoch: 22, Steps: 154 | Train Loss: 0.1342585 Vali Loss: 0.4089521 Test Loss: 0.2983807
EarlyStopping counter: 19 out of 100
Updating learning rate to 1.3508517176729929e-05
	iters: 100, epoch: 23 | loss: 0.1204595
	speed: 0.4545s/iter; left time: 1914.6753s
Epoch: 23 cost time: 44.45851135253906
Epoch: 23, Steps: 154 | Train Loss: 0.1327212 Vali Loss: 0.3848339 Test Loss: 0.2751110
EarlyStopping counter: 20 out of 100
Updating learning rate to 1.2157665459056936e-05
	iters: 100, epoch: 24 | loss: 0.1648230
	speed: 0.4427s/iter; left time: 1797.0286s
Epoch: 24 cost time: 42.511247634887695
Epoch: 24, Steps: 154 | Train Loss: 0.1301312 Vali Loss: 0.4248818 Test Loss: 0.2861468
EarlyStopping counter: 21 out of 100
Updating learning rate to 1.0941898913151242e-05
	iters: 100, epoch: 25 | loss: 0.1025606
	speed: 0.4555s/iter; left time: 1778.6004s
Epoch: 25 cost time: 45.27498984336853
Epoch: 25, Steps: 154 | Train Loss: 0.1288415 Vali Loss: 0.4502983 Test Loss: 0.3069647
EarlyStopping counter: 22 out of 100
Updating learning rate to 9.847709021836118e-06
	iters: 100, epoch: 26 | loss: 0.0871101
	speed: 0.4499s/iter; left time: 1687.7620s
Epoch: 26 cost time: 43.60429906845093
Epoch: 26, Steps: 154 | Train Loss: 0.1268845 Vali Loss: 0.4481277 Test Loss: 0.2983165
EarlyStopping counter: 23 out of 100
Updating learning rate to 8.862938119652508e-06
	iters: 100, epoch: 27 | loss: 0.1298945
	speed: 0.4518s/iter; left time: 1625.2743s
Epoch: 27 cost time: 44.86148166656494
Epoch: 27, Steps: 154 | Train Loss: 0.1259972 Vali Loss: 0.4620599 Test Loss: 0.2979510
EarlyStopping counter: 24 out of 100
Updating learning rate to 7.976644307687255e-06
	iters: 100, epoch: 28 | loss: 0.1318070
	speed: 0.4659s/iter; left time: 1604.1086s
Epoch: 28 cost time: 44.118069887161255
Epoch: 28, Steps: 154 | Train Loss: 0.1235481 Vali Loss: 0.4470674 Test Loss: 0.3045236
EarlyStopping counter: 25 out of 100
Updating learning rate to 7.178979876918531e-06
	iters: 100, epoch: 29 | loss: 0.1577274
	speed: 0.4490s/iter; left time: 1476.6628s
Epoch: 29 cost time: 45.39076113700867
Epoch: 29, Steps: 154 | Train Loss: 0.1223914 Vali Loss: 0.4523906 Test Loss: 0.2852625
EarlyStopping counter: 26 out of 100
Updating learning rate to 6.4610818892266776e-06
	iters: 100, epoch: 30 | loss: 0.0849907
	speed: 0.4579s/iter; left time: 1435.6068s
Epoch: 30 cost time: 43.52239727973938
Epoch: 30, Steps: 154 | Train Loss: 0.1211883 Vali Loss: 0.4618221 Test Loss: 0.3012926
EarlyStopping counter: 27 out of 100
Updating learning rate to 5.8149737003040096e-06
	iters: 100, epoch: 31 | loss: 0.1580100
	speed: 0.4462s/iter; left time: 1330.0226s
Epoch: 31 cost time: 44.21029996871948
Epoch: 31, Steps: 154 | Train Loss: 0.1201872 Vali Loss: 0.4707108 Test Loss: 0.3139860
EarlyStopping counter: 28 out of 100
Updating learning rate to 5.23347633027361e-06
	iters: 100, epoch: 32 | loss: 0.1134757
	speed: 0.4562s/iter; left time: 1289.8167s
Epoch: 32 cost time: 44.25536012649536
Epoch: 32, Steps: 154 | Train Loss: 0.1192212 Vali Loss: 0.4680002 Test Loss: 0.3052314
EarlyStopping counter: 29 out of 100
Updating learning rate to 4.710128697246249e-06
	iters: 100, epoch: 33 | loss: 0.1165351
	speed: 0.4608s/iter; left time: 1231.6823s
Epoch: 33 cost time: 45.43282628059387
Epoch: 33, Steps: 154 | Train Loss: 0.1188967 Vali Loss: 0.4557388 Test Loss: 0.3007388
EarlyStopping counter: 30 out of 100
Updating learning rate to 4.239115827521624e-06
	iters: 100, epoch: 34 | loss: 0.0991714
	speed: 0.4695s/iter; left time: 1182.6110s
Epoch: 34 cost time: 45.594268560409546
Epoch: 34, Steps: 154 | Train Loss: 0.1171634 Vali Loss: 0.4143053 Test Loss: 0.3019819
EarlyStopping counter: 31 out of 100
Updating learning rate to 3.815204244769462e-06
	iters: 100, epoch: 35 | loss: 0.1228659
	speed: 0.4582s/iter; left time: 1083.6208s
Epoch: 35 cost time: 44.674057960510254
Epoch: 35, Steps: 154 | Train Loss: 0.1174190 Vali Loss: 0.4751030 Test Loss: 0.3133057
EarlyStopping counter: 32 out of 100
Updating learning rate to 3.4336838202925152e-06
	iters: 100, epoch: 36 | loss: 0.1712704
	speed: 0.4550s/iter; left time: 1006.0429s
Epoch: 36 cost time: 44.73233723640442
Epoch: 36, Steps: 154 | Train Loss: 0.1165772 Vali Loss: 0.4845105 Test Loss: 0.3064010
EarlyStopping counter: 33 out of 100
Updating learning rate to 3.090315438263264e-06
	iters: 100, epoch: 37 | loss: 0.1313986
	speed: 0.4532s/iter; left time: 932.2820s
Epoch: 37 cost time: 45.18366312980652
Epoch: 37, Steps: 154 | Train Loss: 0.1164723 Vali Loss: 0.4925904 Test Loss: 0.3078067
EarlyStopping counter: 34 out of 100
Updating learning rate to 2.7812838944369375e-06
	iters: 100, epoch: 38 | loss: 0.0989956
	speed: 0.4692s/iter; left time: 892.8188s
Epoch: 38 cost time: 44.729395627975464
Epoch: 38, Steps: 154 | Train Loss: 0.1161193 Vali Loss: 0.4378096 Test Loss: 0.3019725
EarlyStopping counter: 35 out of 100
Updating learning rate to 2.503155504993244e-06
	iters: 100, epoch: 39 | loss: 0.0887419
	speed: 0.4427s/iter; left time: 774.3023s
Epoch: 39 cost time: 42.78562521934509
Epoch: 39, Steps: 154 | Train Loss: 0.1156271 Vali Loss: 0.4547338 Test Loss: 0.3023177
EarlyStopping counter: 36 out of 100
Updating learning rate to 2.2528399544939195e-06
	iters: 100, epoch: 40 | loss: 0.1233781
	speed: 0.4617s/iter; left time: 736.4373s
Epoch: 40 cost time: 46.4227180480957
Epoch: 40, Steps: 154 | Train Loss: 0.1145305 Vali Loss: 0.4639143 Test Loss: 0.3115106
EarlyStopping counter: 37 out of 100
Updating learning rate to 2.0275559590445276e-06
	iters: 100, epoch: 41 | loss: 0.1001897
	speed: 0.4685s/iter; left time: 675.1496s
Epoch: 41 cost time: 44.76714849472046
Epoch: 41, Steps: 154 | Train Loss: 0.1150544 Vali Loss: 0.4771654 Test Loss: 0.3118258
EarlyStopping counter: 38 out of 100
Updating learning rate to 1.8248003631400751e-06
	iters: 100, epoch: 42 | loss: 0.1005433
	speed: 0.4521s/iter; left time: 581.7974s
Epoch: 42 cost time: 44.607455015182495
Epoch: 42, Steps: 154 | Train Loss: 0.1147947 Vali Loss: 0.4407608 Test Loss: 0.3127781
EarlyStopping counter: 39 out of 100
Updating learning rate to 1.6423203268260676e-06
	iters: 100, epoch: 43 | loss: 0.0946279
	speed: 0.4638s/iter; left time: 525.5154s
Epoch: 43 cost time: 44.57412123680115
Epoch: 43, Steps: 154 | Train Loss: 0.1142672 Vali Loss: 0.4819971 Test Loss: 0.3137037
EarlyStopping counter: 40 out of 100
Updating learning rate to 1.4780882941434609e-06
	iters: 100, epoch: 44 | loss: 0.1107585
	speed: 0.4530s/iter; left time: 443.4390s
Epoch: 44 cost time: 45.21556210517883
Epoch: 44, Steps: 154 | Train Loss: 0.1150924 Vali Loss: 0.4436201 Test Loss: 0.3090329
EarlyStopping counter: 41 out of 100
Updating learning rate to 1.3302794647291146e-06
	iters: 100, epoch: 45 | loss: 0.1023659
	speed: 0.4753s/iter; left time: 392.1583s
Epoch: 45 cost time: 45.2873899936676
Epoch: 45, Steps: 154 | Train Loss: 0.1137524 Vali Loss: 0.4570443 Test Loss: 0.3160419
EarlyStopping counter: 42 out of 100
Updating learning rate to 1.1972515182562034e-06
	iters: 100, epoch: 46 | loss: 0.0834756
	speed: 0.4568s/iter; left time: 306.5100s
Epoch: 46 cost time: 44.73003053665161
Epoch: 46, Steps: 154 | Train Loss: 0.1134180 Vali Loss: 0.4459817 Test Loss: 0.3133794
EarlyStopping counter: 43 out of 100
Updating learning rate to 1.077526366430583e-06
	iters: 100, epoch: 47 | loss: 0.1261492
	speed: 0.4602s/iter; left time: 237.9423s
Epoch: 47 cost time: 45.228633642196655
Epoch: 47, Steps: 154 | Train Loss: 0.1138758 Vali Loss: 0.4830247 Test Loss: 0.3155826
EarlyStopping counter: 44 out of 100
Updating learning rate to 9.697737297875248e-07
	iters: 100, epoch: 48 | loss: 0.1336481
	speed: 0.4452s/iter; left time: 161.5956s
Epoch: 48 cost time: 43.52708601951599
Epoch: 48, Steps: 154 | Train Loss: 0.1131978 Vali Loss: 0.4628924 Test Loss: 0.3135660
EarlyStopping counter: 45 out of 100
Updating learning rate to 8.727963568087723e-07
	iters: 100, epoch: 49 | loss: 0.1276290
	speed: 0.4533s/iter; left time: 94.7379s
Epoch: 49 cost time: 44.744284868240356
Epoch: 49, Steps: 154 | Train Loss: 0.1134765 Vali Loss: 0.4585787 Test Loss: 0.3118986
EarlyStopping counter: 46 out of 100
Updating learning rate to 7.855167211278951e-07
	iters: 100, epoch: 50 | loss: 0.1103208
	speed: 0.4622s/iter; left time: 25.4200s
Epoch: 50 cost time: 44.39526963233948
Epoch: 50, Steps: 154 | Train Loss: 0.1120295 Vali Loss: 0.4656202 Test Loss: 0.3151411
EarlyStopping counter: 47 out of 100
Updating learning rate to 7.069650490151056e-07
>>>>>>>testing : sunspot_PatchTST_custom_ftMS_sl336_ll48_pl24_dm256_nh8_el2_dl1_df2048_fc1_ebtimeF_dtTrue_EXP-18-4b_0<<<<<<<<<<<<<<<<<<<<<<<<<<<<<<<<<
test 125
mse:0.31544363498687744, mae:0.4529713988304138, rse:0.6058189272880554
Args in experiment:
Namespace(random_seed=2021, is_training=0, model_id='sunspot', model='PatchTST', data='custom', root_path='./PatchTST_supervised/dataset/', data_path='sunspot_with_cycle.csv', features='MS', target='ssn', freq='m', test_start='1996-08', test_end='2008-11', checkpoints='./checkpoints/', seq_len=336, label_len=48, pred_len=24, fc_dropout=0.05, head_dropout=0.0, patch_len=16, stride=8, padding_patch='end', revin=1, affine=0, subtract_last=0, decomposition=0, kernel_size=25, individual=0, embed_type=0, enc_in=3, dec_in=5, c_out=1, d_model=256, n_heads=8, e_layers=2, d_layers=1, d_ff=2048, moving_avg=25, factor=1, distil=True, dropout=0.05, embed='timeF', activation='gelu', output_attention=False, do_predict=False, num_workers=0, itr=1, train_epochs=50, batch_size=16, patience=100, learning_rate=0.0001, des='EXP-18-4b', loss='mse', lradj='type3', pct_start=0.3, use_amp=False, use_gpu=False, gpu=0, use_multi_gpu=False, devices='0,1,2,3', test_flop=False)
Use CPU
>>>>>>>testing : sunspot_PatchTST_custom_ftMS_sl336_ll48_pl24_dm256_nh8_el2_dl1_df2048_fc1_ebtimeF_dtTrue_EXP-18-4b_0<<<<<<<<<<<<<<<<<<<<<<<<<<<<<<<<<
test 125
loading model
mse:0.21376876533031464, mae:0.36344006657600403, rse:0.4987168610095978
