Args in experiment:
Namespace(random_seed=2021, is_training=1, model_id='sunspot', model='PatchTST', data='custom', root_path='./PatchTST_supervised/dataset/', data_path='sunspot_with_cycle.csv', features='MS', target='ssn', freq='m', test_start='1996-08', test_end='2008-11', target_transform='pow23', checkpoints='./checkpoints/', seq_len=336, label_len=48, pred_len=24, fc_dropout=0.2, head_dropout=0.0, patch_len=16, stride=8, padding_patch='end', revin=1, affine=0, subtract_last=0, decomposition=0, kernel_size=25, individual=0, embed_type=0, enc_in=3, dec_in=5, c_out=1, d_model=128, n_heads=8, e_layers=2, d_layers=1, d_ff=2048, moving_avg=25, factor=1, distil=True, dropout=0.2, embed='timeF', activation='gelu', output_attention=False, do_predict=False, num_workers=0, itr=1, train_epochs=50, batch_size=16, patience=100, learning_rate=0.0001, des='EXP-21-2', loss='mse', wmse_alpha=1.0, lradj='type3', pct_start=0.3, use_amp=False, use_gpu=False, gpu=0, use_multi_gpu=False, devices='0,1,2,3', test_flop=False)
Use CPU
>>>>>>>start training : sunspot_PatchTST_custom_ftMS_sl336_ll48_pl24_dm128_nh8_el2_dl1_df2048_fc1_ebtimeF_dtTrue_EXP-21-2_0>>>>>>>>>>>>>>>>>>>>>>>>>>
train 2479
val 109
test 125
	iters: 100, epoch: 1 | loss: 0.9110305
	speed: 0.1743s/iter; left time: 1324.8712s
Epoch: 1 cost time: 27.172844409942627
Epoch: 1, Steps: 154 | Train Loss: 0.9931208 Vali Loss: 0.5130555 Test Loss: 0.3376836
Validation loss decreased (inf --> 0.513056).  Saving model ...
Updating learning rate to 0.0001
	iters: 100, epoch: 2 | loss: 0.3053344
	speed: 0.2766s/iter; left time: 2060.0726s
Epoch: 2 cost time: 26.911983013153076
Epoch: 2, Steps: 154 | Train Loss: 0.4091453 Vali Loss: 0.2859244 Test Loss: 0.2022971
Validation loss decreased (0.513056 --> 0.285924).  Saving model ...
Updating learning rate to 0.0001
	iters: 100, epoch: 3 | loss: 0.3104879
	speed: 0.2747s/iter; left time: 2003.1526s
Epoch: 3 cost time: 26.610225915908813
Epoch: 3, Steps: 154 | Train Loss: 0.3008129 Vali Loss: 0.2859597 Test Loss: 0.1920584
EarlyStopping counter: 1 out of 100
Updating learning rate to 0.0001
	iters: 100, epoch: 4 | loss: 0.1881787
	speed: 0.2733s/iter; left time: 1950.9907s
Epoch: 4 cost time: 26.737839937210083
Epoch: 4, Steps: 154 | Train Loss: 0.2787616 Vali Loss: 0.2274160 Test Loss: 0.1664829
Validation loss decreased (0.285924 --> 0.227416).  Saving model ...
Updating learning rate to 9e-05
	iters: 100, epoch: 5 | loss: 0.1566662
	speed: 0.2729s/iter; left time: 1905.9166s
Epoch: 5 cost time: 26.394493579864502
Epoch: 5, Steps: 154 | Train Loss: 0.2685654 Vali Loss: 0.2065381 Test Loss: 0.1581661
Validation loss decreased (0.227416 --> 0.206538).  Saving model ...
Updating learning rate to 8.1e-05
	iters: 100, epoch: 6 | loss: 0.3042519
	speed: 0.2743s/iter; left time: 1873.7212s
Epoch: 6 cost time: 26.744744300842285
Epoch: 6, Steps: 154 | Train Loss: 0.2585022 Vali Loss: 0.2026570 Test Loss: 0.1563755
Validation loss decreased (0.206538 --> 0.202657).  Saving model ...
Updating learning rate to 7.290000000000001e-05
	iters: 100, epoch: 7 | loss: 0.2415703
	speed: 0.2762s/iter; left time: 1844.1499s
Epoch: 7 cost time: 26.85703182220459
Epoch: 7, Steps: 154 | Train Loss: 0.2562397 Vali Loss: 0.2538325 Test Loss: 0.1835320
EarlyStopping counter: 1 out of 100
Updating learning rate to 6.561e-05
	iters: 100, epoch: 8 | loss: 0.2365970
	speed: 0.2709s/iter; left time: 1766.9899s
Epoch: 8 cost time: 26.281514167785645
Epoch: 8, Steps: 154 | Train Loss: 0.2504769 Vali Loss: 0.2320911 Test Loss: 0.1629762
EarlyStopping counter: 2 out of 100
Updating learning rate to 5.904900000000001e-05
	iters: 100, epoch: 9 | loss: 0.2607517
	speed: 0.2679s/iter; left time: 1706.0439s
Epoch: 9 cost time: 26.08246660232544
Epoch: 9, Steps: 154 | Train Loss: 0.2453957 Vali Loss: 0.2443653 Test Loss: 0.1635500
EarlyStopping counter: 3 out of 100
Updating learning rate to 5.3144100000000005e-05
	iters: 100, epoch: 10 | loss: 0.1684793
	speed: 0.2699s/iter; left time: 1677.5004s
Epoch: 10 cost time: 26.956515550613403
Epoch: 10, Steps: 154 | Train Loss: 0.2427727 Vali Loss: 0.2517425 Test Loss: 0.1760975
EarlyStopping counter: 4 out of 100
Updating learning rate to 4.782969000000001e-05
	iters: 100, epoch: 11 | loss: 0.1922466
	speed: 0.2791s/iter; left time: 1691.5786s
Epoch: 11 cost time: 27.054125547409058
Epoch: 11, Steps: 154 | Train Loss: 0.2427891 Vali Loss: 0.2299993 Test Loss: 0.1568609
EarlyStopping counter: 5 out of 100
Updating learning rate to 4.304672100000001e-05
	iters: 100, epoch: 12 | loss: 0.3156351
	speed: 0.2718s/iter; left time: 1605.4561s
Epoch: 12 cost time: 26.409636735916138
Epoch: 12, Steps: 154 | Train Loss: 0.2393000 Vali Loss: 0.2264753 Test Loss: 0.1542724
EarlyStopping counter: 6 out of 100
Updating learning rate to 3.874204890000001e-05
	iters: 100, epoch: 13 | loss: 0.1971151
	speed: 0.2769s/iter; left time: 1593.2888s
Epoch: 13 cost time: 27.151751279830933
Epoch: 13, Steps: 154 | Train Loss: 0.2372607 Vali Loss: 0.2189599 Test Loss: 0.1577275
EarlyStopping counter: 7 out of 100
Updating learning rate to 3.486784401000001e-05
	iters: 100, epoch: 14 | loss: 0.3512974
	speed: 0.2800s/iter; left time: 1567.8151s
Epoch: 14 cost time: 27.4737389087677
Epoch: 14, Steps: 154 | Train Loss: 0.2359716 Vali Loss: 0.2167010 Test Loss: 0.1563306
EarlyStopping counter: 8 out of 100
Updating learning rate to 3.138105960900001e-05
	iters: 100, epoch: 15 | loss: 0.1521089
	speed: 0.2799s/iter; left time: 1523.8215s
Epoch: 15 cost time: 26.952242851257324
Epoch: 15, Steps: 154 | Train Loss: 0.2331972 Vali Loss: 0.2218189 Test Loss: 0.1558589
EarlyStopping counter: 9 out of 100
Updating learning rate to 2.824295364810001e-05
	iters: 100, epoch: 16 | loss: 0.1965059
	speed: 0.2711s/iter; left time: 1434.4129s
Epoch: 16 cost time: 27.154428958892822
Epoch: 16, Steps: 154 | Train Loss: 0.2326246 Vali Loss: 0.2185777 Test Loss: 0.1587578
EarlyStopping counter: 10 out of 100
Updating learning rate to 2.541865828329001e-05
	iters: 100, epoch: 17 | loss: 0.2484891
	speed: 0.2795s/iter; left time: 1435.7124s
Epoch: 17 cost time: 26.95886206626892
Epoch: 17, Steps: 154 | Train Loss: 0.2308050 Vali Loss: 0.2062379 Test Loss: 0.1501101
EarlyStopping counter: 11 out of 100
Updating learning rate to 2.287679245496101e-05
	iters: 100, epoch: 18 | loss: 0.2566881
	speed: 0.2763s/iter; left time: 1376.8926s
Epoch: 18 cost time: 26.962000131607056
Epoch: 18, Steps: 154 | Train Loss: 0.2289326 Vali Loss: 0.2176110 Test Loss: 0.1579744
EarlyStopping counter: 12 out of 100
Updating learning rate to 2.0589113209464907e-05
	iters: 100, epoch: 19 | loss: 0.1893392
	speed: 0.2807s/iter; left time: 1355.5726s
Epoch: 19 cost time: 27.195582628250122
Epoch: 19, Steps: 154 | Train Loss: 0.2274219 Vali Loss: 0.2330502 Test Loss: 0.1597361
EarlyStopping counter: 13 out of 100
Updating learning rate to 1.8530201888518416e-05
	iters: 100, epoch: 20 | loss: 0.1918595
	speed: 0.2723s/iter; left time: 1272.7832s
Epoch: 20 cost time: 26.671629905700684
Epoch: 20, Steps: 154 | Train Loss: 0.2244620 Vali Loss: 0.2329554 Test Loss: 0.1596557
EarlyStopping counter: 14 out of 100
Updating learning rate to 1.6677181699666577e-05
	iters: 100, epoch: 21 | loss: 0.2834727
	speed: 0.2729s/iter; left time: 1233.9998s
Epoch: 21 cost time: 26.93932557106018
Epoch: 21, Steps: 154 | Train Loss: 0.2247574 Vali Loss: 0.2270169 Test Loss: 0.1573941
EarlyStopping counter: 15 out of 100
Updating learning rate to 1.5009463529699919e-05
	iters: 100, epoch: 22 | loss: 0.1648133
	speed: 0.2737s/iter; left time: 1195.1814s
Epoch: 22 cost time: 26.631961822509766
Epoch: 22, Steps: 154 | Train Loss: 0.2222587 Vali Loss: 0.2321860 Test Loss: 0.1604747
EarlyStopping counter: 16 out of 100
Updating learning rate to 1.3508517176729929e-05
	iters: 100, epoch: 23 | loss: 0.2105486
	speed: 0.2774s/iter; left time: 1168.7188s
Epoch: 23 cost time: 27.02874755859375
Epoch: 23, Steps: 154 | Train Loss: 0.2218099 Vali Loss: 0.2350472 Test Loss: 0.1632392
EarlyStopping counter: 17 out of 100
Updating learning rate to 1.2157665459056936e-05
	iters: 100, epoch: 24 | loss: 0.3783827
	speed: 0.2751s/iter; left time: 1116.8281s
Epoch: 24 cost time: 26.78118348121643
Epoch: 24, Steps: 154 | Train Loss: 0.2216529 Vali Loss: 0.2399080 Test Loss: 0.1648922
EarlyStopping counter: 18 out of 100
Updating learning rate to 1.0941898913151242e-05
	iters: 100, epoch: 25 | loss: 0.2296066
	speed: 0.2755s/iter; left time: 1075.6421s
Epoch: 25 cost time: 26.85633635520935
Epoch: 25, Steps: 154 | Train Loss: 0.2205383 Vali Loss: 0.2202349 Test Loss: 0.1605203
EarlyStopping counter: 19 out of 100
Updating learning rate to 9.847709021836118e-06
	iters: 100, epoch: 26 | loss: 0.1774674
	speed: 0.2751s/iter; left time: 1031.8679s
Epoch: 26 cost time: 26.92802095413208
Epoch: 26, Steps: 154 | Train Loss: 0.2185814 Vali Loss: 0.2209159 Test Loss: 0.1595820
EarlyStopping counter: 20 out of 100
Updating learning rate to 8.862938119652508e-06
	iters: 100, epoch: 27 | loss: 0.2431156
	speed: 0.2745s/iter; left time: 987.2084s
Epoch: 27 cost time: 26.93619418144226
Epoch: 27, Steps: 154 | Train Loss: 0.2163954 Vali Loss: 0.2349052 Test Loss: 0.1605244
EarlyStopping counter: 21 out of 100
Updating learning rate to 7.976644307687255e-06
	iters: 100, epoch: 28 | loss: 0.3053356
	speed: 0.2764s/iter; left time: 951.5828s
Epoch: 28 cost time: 27.0054452419281
Epoch: 28, Steps: 154 | Train Loss: 0.2182135 Vali Loss: 0.2266043 Test Loss: 0.1577228
EarlyStopping counter: 22 out of 100
Updating learning rate to 7.178979876918531e-06
	iters: 100, epoch: 29 | loss: 0.1893110
	speed: 0.2849s/iter; left time: 937.1922s
Epoch: 29 cost time: 27.872740030288696
Epoch: 29, Steps: 154 | Train Loss: 0.2139834 Vali Loss: 0.2345875 Test Loss: 0.1648532
EarlyStopping counter: 23 out of 100
Updating learning rate to 6.4610818892266776e-06
	iters: 100, epoch: 30 | loss: 0.2337627
	speed: 0.2813s/iter; left time: 882.0083s
Epoch: 30 cost time: 27.746501922607422
Epoch: 30, Steps: 154 | Train Loss: 0.2134428 Vali Loss: 0.2310811 Test Loss: 0.1621844
EarlyStopping counter: 24 out of 100
Updating learning rate to 5.8149737003040096e-06
	iters: 100, epoch: 31 | loss: 0.1738781
	speed: 0.2809s/iter; left time: 837.2768s
Epoch: 31 cost time: 27.24350333213806
Epoch: 31, Steps: 154 | Train Loss: 0.2133158 Vali Loss: 0.2324252 Test Loss: 0.1605068
EarlyStopping counter: 25 out of 100
Updating learning rate to 5.23347633027361e-06
	iters: 100, epoch: 32 | loss: 0.1944785
	speed: 0.2747s/iter; left time: 776.4742s
Epoch: 32 cost time: 26.59886074066162
Epoch: 32, Steps: 154 | Train Loss: 0.2131330 Vali Loss: 0.2198844 Test Loss: 0.1587222
EarlyStopping counter: 26 out of 100
Updating learning rate to 4.710128697246249e-06
	iters: 100, epoch: 33 | loss: 0.1693690
	speed: 0.2718s/iter; left time: 726.4256s
Epoch: 33 cost time: 26.448204517364502
Epoch: 33, Steps: 154 | Train Loss: 0.2108634 Vali Loss: 0.2377366 Test Loss: 0.1596781
EarlyStopping counter: 27 out of 100
Updating learning rate to 4.239115827521624e-06
	iters: 100, epoch: 34 | loss: 0.1620720
	speed: 0.2706s/iter; left time: 681.5817s
Epoch: 34 cost time: 26.316892385482788
Epoch: 34, Steps: 154 | Train Loss: 0.2123161 Vali Loss: 0.2369794 Test Loss: 0.1637208
EarlyStopping counter: 28 out of 100
Updating learning rate to 3.815204244769462e-06
	iters: 100, epoch: 35 | loss: 0.1619823
	speed: 0.2732s/iter; left time: 646.0909s
Epoch: 35 cost time: 26.72667694091797
Epoch: 35, Steps: 154 | Train Loss: 0.2114932 Vali Loss: 0.2316113 Test Loss: 0.1621333
EarlyStopping counter: 29 out of 100
Updating learning rate to 3.4336838202925152e-06
	iters: 100, epoch: 36 | loss: 0.1877226
	speed: 0.2683s/iter; left time: 593.1685s
Epoch: 36 cost time: 26.181965112686157
Epoch: 36, Steps: 154 | Train Loss: 0.2119131 Vali Loss: 0.2353057 Test Loss: 0.1599406
EarlyStopping counter: 30 out of 100
Updating learning rate to 3.090315438263264e-06
	iters: 100, epoch: 37 | loss: 0.1789898
	speed: 0.2697s/iter; left time: 554.8182s
Epoch: 37 cost time: 26.236222505569458
Epoch: 37, Steps: 154 | Train Loss: 0.2118323 Vali Loss: 0.2337777 Test Loss: 0.1625194
EarlyStopping counter: 31 out of 100
Updating learning rate to 2.7812838944369375e-06
	iters: 100, epoch: 38 | loss: 0.1985622
	speed: 0.2720s/iter; left time: 517.5663s
Epoch: 38 cost time: 27.09757113456726
Epoch: 38, Steps: 154 | Train Loss: 0.2095235 Vali Loss: 0.2358586 Test Loss: 0.1620186
EarlyStopping counter: 32 out of 100
Updating learning rate to 2.503155504993244e-06
	iters: 100, epoch: 39 | loss: 0.1578325
	speed: 0.2755s/iter; left time: 481.8469s
Epoch: 39 cost time: 26.348421573638916
Epoch: 39, Steps: 154 | Train Loss: 0.2106086 Vali Loss: 0.2349253 Test Loss: 0.1628811
EarlyStopping counter: 33 out of 100
Updating learning rate to 2.2528399544939195e-06
	iters: 100, epoch: 40 | loss: 0.1953195
	speed: 0.2709s/iter; left time: 432.0270s
Epoch: 40 cost time: 26.985946893692017
Epoch: 40, Steps: 154 | Train Loss: 0.2081095 Vali Loss: 0.2356282 Test Loss: 0.1630970
EarlyStopping counter: 34 out of 100
Updating learning rate to 2.0275559590445276e-06
	iters: 100, epoch: 41 | loss: 0.2158337
	speed: 0.2763s/iter; left time: 398.1929s
Epoch: 41 cost time: 26.682026386260986
Epoch: 41, Steps: 154 | Train Loss: 0.2102255 Vali Loss: 0.2258853 Test Loss: 0.1620350
EarlyStopping counter: 35 out of 100
Updating learning rate to 1.8248003631400751e-06
	iters: 100, epoch: 42 | loss: 0.1695670
	speed: 0.2730s/iter; left time: 351.3559s
Epoch: 42 cost time: 26.676479816436768
Epoch: 42, Steps: 154 | Train Loss: 0.2111299 Vali Loss: 0.2319984 Test Loss: 0.1617476
EarlyStopping counter: 36 out of 100
Updating learning rate to 1.6423203268260676e-06
	iters: 100, epoch: 43 | loss: 0.2240760
	speed: 0.2721s/iter; left time: 308.3036s
Epoch: 43 cost time: 26.34800362586975
Epoch: 43, Steps: 154 | Train Loss: 0.2087336 Vali Loss: 0.2393935 Test Loss: 0.1630715
EarlyStopping counter: 37 out of 100
Updating learning rate to 1.4780882941434609e-06
	iters: 100, epoch: 44 | loss: 0.2637046
	speed: 0.2658s/iter; left time: 260.2413s
Epoch: 44 cost time: 26.185839653015137
Epoch: 44, Steps: 154 | Train Loss: 0.2088806 Vali Loss: 0.2274576 Test Loss: 0.1594205
EarlyStopping counter: 38 out of 100
Updating learning rate to 1.3302794647291146e-06
	iters: 100, epoch: 45 | loss: 0.1612255
	speed: 0.2715s/iter; left time: 224.0049s
Epoch: 45 cost time: 26.397182941436768
Epoch: 45, Steps: 154 | Train Loss: 0.2090442 Vali Loss: 0.2349666 Test Loss: 0.1616590
EarlyStopping counter: 39 out of 100
Updating learning rate to 1.1972515182562034e-06
	iters: 100, epoch: 46 | loss: 0.2422647
	speed: 0.2682s/iter; left time: 179.9301s
Epoch: 46 cost time: 26.49859595298767
Epoch: 46, Steps: 154 | Train Loss: 0.2098329 Vali Loss: 0.2274186 Test Loss: 0.1618807
EarlyStopping counter: 40 out of 100
Updating learning rate to 1.077526366430583e-06
	iters: 100, epoch: 47 | loss: 0.1777309
	speed: 0.2764s/iter; left time: 142.9017s
Epoch: 47 cost time: 26.93247890472412
Epoch: 47, Steps: 154 | Train Loss: 0.2084367 Vali Loss: 0.2276609 Test Loss: 0.1616850
EarlyStopping counter: 41 out of 100
Updating learning rate to 9.697737297875248e-07
	iters: 100, epoch: 48 | loss: 0.1965195
	speed: 0.2738s/iter; left time: 99.3900s
Epoch: 48 cost time: 26.820272207260132
Epoch: 48, Steps: 154 | Train Loss: 0.2079533 Vali Loss: 0.2279274 Test Loss: 0.1611574
EarlyStopping counter: 42 out of 100
Updating learning rate to 8.727963568087723e-07
	iters: 100, epoch: 49 | loss: 0.2338974
	speed: 0.2718s/iter; left time: 56.8057s
Epoch: 49 cost time: 26.486430644989014
Epoch: 49, Steps: 154 | Train Loss: 0.2091388 Vali Loss: 0.2260132 Test Loss: 0.1617015
EarlyStopping counter: 43 out of 100
Updating learning rate to 7.855167211278951e-07
	iters: 100, epoch: 50 | loss: 0.2085441
	speed: 0.2708s/iter; left time: 14.8913s
Epoch: 50 cost time: 26.20611333847046
Epoch: 50, Steps: 154 | Train Loss: 0.2081160 Vali Loss: 0.2246183 Test Loss: 0.1615437
EarlyStopping counter: 44 out of 100
Updating learning rate to 7.069650490151056e-07
>>>>>>>testing : sunspot_PatchTST_custom_ftMS_sl336_ll48_pl24_dm128_nh8_el2_dl1_df2048_fc1_ebtimeF_dtTrue_EXP-21-2_0<<<<<<<<<<<<<<<<<<<<<<<<<<<<<<<<<
test 125
mse:0.1629846841096878, mae:0.32915037870407104, rse:0.4371345639228821
Args in experiment:
Namespace(random_seed=2021, is_training=0, model_id='sunspot', model='PatchTST', data='custom', root_path='./PatchTST_supervised/dataset/', data_path='sunspot_with_cycle.csv', features='MS', target='ssn', freq='m', test_start='1996-08', test_end='2008-11', target_transform='pow23', checkpoints='./checkpoints/', seq_len=336, label_len=48, pred_len=24, fc_dropout=0.2, head_dropout=0.0, patch_len=16, stride=8, padding_patch='end', revin=1, affine=0, subtract_last=0, decomposition=0, kernel_size=25, individual=0, embed_type=0, enc_in=3, dec_in=5, c_out=1, d_model=128, n_heads=8, e_layers=2, d_layers=1, d_ff=2048, moving_avg=25, factor=1, distil=True, dropout=0.2, embed='timeF', activation='gelu', output_attention=False, do_predict=False, num_workers=0, itr=1, train_epochs=50, batch_size=16, patience=100, learning_rate=0.0001, des='EXP-21-2', loss='mse', wmse_alpha=1.0, lradj='type3', pct_start=0.3, use_amp=False, use_gpu=False, gpu=0, use_multi_gpu=False, devices='0,1,2,3', test_flop=False)
Use CPU
>>>>>>>testing : sunspot_PatchTST_custom_ftMS_sl336_ll48_pl24_dm128_nh8_el2_dl1_df2048_fc1_ebtimeF_dtTrue_EXP-21-2_0<<<<<<<<<<<<<<<<<<<<<<<<<<<<<<<<<
test 125
loading model
mse:0.15677283704280853, mae:0.3211417496204376, rse:0.42872339487075806
