Args in experiment:
Namespace(random_seed=2021, is_training=1, model_id='sunspot', model='PatchTST', data='custom', root_path='./PatchTST_supervised/dataset/', data_path='sunspot_with_cycle.csv', features='MS', target='ssn', freq='m', test_start='1996-08', test_end='2008-11', checkpoints='./checkpoints/', seq_len=96, label_len=48, pred_len=24, fc_dropout=0.05, head_dropout=0.0, patch_len=16, stride=8, padding_patch='end', revin=1, affine=0, subtract_last=0, decomposition=0, kernel_size=25, individual=0, embed_type=0, enc_in=3, dec_in=5, c_out=1, d_model=128, n_heads=8, e_layers=2, d_layers=1, d_ff=2048, moving_avg=25, factor=1, distil=True, dropout=0.05, embed='timeF', activation='gelu', output_attention=False, do_predict=False, num_workers=0, itr=1, train_epochs=50, batch_size=16, patience=100, learning_rate=0.0001, des='EXP-17-0a-r2', loss='mse', lradj='type3', pct_start=0.3, use_amp=False, use_gpu=False, gpu=0, use_multi_gpu=False, devices='0,1,2,3', test_flop=False)
Use CPU
>>>>>>>start training : sunspot_PatchTST_custom_ftMS_sl96_ll48_pl24_dm128_nh8_el2_dl1_df2048_fc1_ebtimeF_dtTrue_EXP-17-0a-r2_0>>>>>>>>>>>>>>>>>>>>>>>>>>
train 2719
val 109
test 125
	iters: 100, epoch: 1 | loss: 0.9596457
	speed: 0.0582s/iter; left time: 486.1399s
Epoch: 1 cost time: 9.925368309020996
Epoch: 1, Steps: 169 | Train Loss: 1.0187059 Vali Loss: 0.7916098 Test Loss: 0.5619798
Validation loss decreased (inf --> 0.791610).  Saving model ...
Updating learning rate to 0.0001
	iters: 100, epoch: 2 | loss: 0.3060305
	speed: 0.1051s/iter; left time: 859.8977s
Epoch: 2 cost time: 10.15902853012085
Epoch: 2, Steps: 169 | Train Loss: 0.3996468 Vali Loss: 0.2872222 Test Loss: 0.2229050
Validation loss decreased (0.791610 --> 0.287222).  Saving model ...
Updating learning rate to 0.0001
	iters: 100, epoch: 3 | loss: 0.2702377
	speed: 0.1042s/iter; left time: 835.2385s
Epoch: 3 cost time: 10.308870077133179
Epoch: 3, Steps: 169 | Train Loss: 0.3278241 Vali Loss: 0.2776769 Test Loss: 0.2190011
Validation loss decreased (0.287222 --> 0.277677).  Saving model ...
Updating learning rate to 0.0001
	iters: 100, epoch: 4 | loss: 0.2933631
	speed: 0.1044s/iter; left time: 818.5538s
Epoch: 4 cost time: 9.983779668807983
Epoch: 4, Steps: 169 | Train Loss: 0.3152384 Vali Loss: 0.2890723 Test Loss: 0.2189310
EarlyStopping counter: 1 out of 100
Updating learning rate to 9e-05
	iters: 100, epoch: 5 | loss: 0.4014418
	speed: 0.1035s/iter; left time: 794.4416s
Epoch: 5 cost time: 10.246354818344116
Epoch: 5, Steps: 169 | Train Loss: 0.3054888 Vali Loss: 0.3047832 Test Loss: 0.2053305
EarlyStopping counter: 2 out of 100
Updating learning rate to 8.1e-05
	iters: 100, epoch: 6 | loss: 0.3430980
	speed: 0.1029s/iter; left time: 772.3234s
Epoch: 6 cost time: 10.15402889251709
Epoch: 6, Steps: 169 | Train Loss: 0.2975726 Vali Loss: 0.2820490 Test Loss: 0.2336367
EarlyStopping counter: 3 out of 100
Updating learning rate to 7.290000000000001e-05
	iters: 100, epoch: 7 | loss: 0.2882510
	speed: 0.1057s/iter; left time: 775.7830s
Epoch: 7 cost time: 10.585957288742065
Epoch: 7, Steps: 169 | Train Loss: 0.2904640 Vali Loss: 0.3104988 Test Loss: 0.2028269
EarlyStopping counter: 4 out of 100
Updating learning rate to 6.561e-05
	iters: 100, epoch: 8 | loss: 0.2226883
	speed: 0.1100s/iter; left time: 788.1310s
Epoch: 8 cost time: 10.42685866355896
Epoch: 8, Steps: 169 | Train Loss: 0.2869897 Vali Loss: 0.2763681 Test Loss: 0.2646504
Validation loss decreased (0.277677 --> 0.276368).  Saving model ...
Updating learning rate to 5.904900000000001e-05
	iters: 100, epoch: 9 | loss: 0.3520423
	speed: 0.1020s/iter; left time: 713.7549s
Epoch: 9 cost time: 9.739653825759888
Epoch: 9, Steps: 169 | Train Loss: 0.2793684 Vali Loss: 0.2866049 Test Loss: 0.2053357
EarlyStopping counter: 1 out of 100
Updating learning rate to 5.3144100000000005e-05
	iters: 100, epoch: 10 | loss: 0.4012520
	speed: 0.0997s/iter; left time: 680.8939s
Epoch: 10 cost time: 9.915247678756714
Epoch: 10, Steps: 169 | Train Loss: 0.2755164 Vali Loss: 0.2702505 Test Loss: 0.2275485
Validation loss decreased (0.276368 --> 0.270250).  Saving model ...
Updating learning rate to 4.782969000000001e-05
	iters: 100, epoch: 11 | loss: 0.2533277
	speed: 0.1037s/iter; left time: 690.4574s
Epoch: 11 cost time: 10.154510021209717
Epoch: 11, Steps: 169 | Train Loss: 0.2727149 Vali Loss: 0.2529456 Test Loss: 0.2274380
Validation loss decreased (0.270250 --> 0.252946).  Saving model ...
Updating learning rate to 4.304672100000001e-05
	iters: 100, epoch: 12 | loss: 0.2247791
	speed: 0.1050s/iter; left time: 681.4484s
Epoch: 12 cost time: 10.01710557937622
Epoch: 12, Steps: 169 | Train Loss: 0.2686218 Vali Loss: 0.2790577 Test Loss: 0.2063854
EarlyStopping counter: 1 out of 100
Updating learning rate to 3.874204890000001e-05
	iters: 100, epoch: 13 | loss: 0.3262391
	speed: 0.1012s/iter; left time: 639.9748s
Epoch: 13 cost time: 9.752505540847778
Epoch: 13, Steps: 169 | Train Loss: 0.2636891 Vali Loss: 0.2703951 Test Loss: 0.2055763
EarlyStopping counter: 2 out of 100
Updating learning rate to 3.486784401000001e-05
	iters: 100, epoch: 14 | loss: 0.2753263
	speed: 0.0982s/iter; left time: 604.5024s
Epoch: 14 cost time: 9.70516562461853
Epoch: 14, Steps: 169 | Train Loss: 0.2616684 Vali Loss: 0.2828217 Test Loss: 0.1980677
EarlyStopping counter: 3 out of 100
Updating learning rate to 3.138105960900001e-05
	iters: 100, epoch: 15 | loss: 0.2030221
	speed: 0.0995s/iter; left time: 595.2191s
Epoch: 15 cost time: 9.701915264129639
Epoch: 15, Steps: 169 | Train Loss: 0.2557487 Vali Loss: 0.2604282 Test Loss: 0.2080487
EarlyStopping counter: 4 out of 100
Updating learning rate to 2.824295364810001e-05
	iters: 100, epoch: 16 | loss: 0.2303394
	speed: 0.0996s/iter; left time: 579.3523s
Epoch: 16 cost time: 9.9918954372406
Epoch: 16, Steps: 169 | Train Loss: 0.2544600 Vali Loss: 0.2831626 Test Loss: 0.2015667
EarlyStopping counter: 5 out of 100
Updating learning rate to 2.541865828329001e-05
	iters: 100, epoch: 17 | loss: 0.2513576
	speed: 0.1031s/iter; left time: 582.3215s
Epoch: 17 cost time: 9.870379447937012
Epoch: 17, Steps: 169 | Train Loss: 0.2490932 Vali Loss: 0.2861879 Test Loss: 0.2023705
EarlyStopping counter: 6 out of 100
Updating learning rate to 2.287679245496101e-05
	iters: 100, epoch: 18 | loss: 0.2984768
	speed: 0.1033s/iter; left time: 565.7702s
Epoch: 18 cost time: 10.202577590942383
Epoch: 18, Steps: 169 | Train Loss: 0.2486440 Vali Loss: 0.2891734 Test Loss: 0.2070593
EarlyStopping counter: 7 out of 100
Updating learning rate to 2.0589113209464907e-05
	iters: 100, epoch: 19 | loss: 0.1898991
	speed: 0.1014s/iter; left time: 538.5514s
Epoch: 19 cost time: 9.858153343200684
Epoch: 19, Steps: 169 | Train Loss: 0.2427541 Vali Loss: 0.2780946 Test Loss: 0.2081762
EarlyStopping counter: 8 out of 100
Updating learning rate to 1.8530201888518416e-05
	iters: 100, epoch: 20 | loss: 0.2334840
	speed: 0.0999s/iter; left time: 513.2677s
Epoch: 20 cost time: 9.84714412689209
Epoch: 20, Steps: 169 | Train Loss: 0.2428434 Vali Loss: 0.2924687 Test Loss: 0.2055150
EarlyStopping counter: 9 out of 100
Updating learning rate to 1.6677181699666577e-05
	iters: 100, epoch: 21 | loss: 0.2295051
	speed: 0.1058s/iter; left time: 525.9291s
Epoch: 21 cost time: 10.498810291290283
Epoch: 21, Steps: 169 | Train Loss: 0.2400941 Vali Loss: 0.3111442 Test Loss: 0.2021956
EarlyStopping counter: 10 out of 100
Updating learning rate to 1.5009463529699919e-05
	iters: 100, epoch: 22 | loss: 0.2500225
	speed: 0.1037s/iter; left time: 498.1917s
Epoch: 22 cost time: 10.45862364768982
Epoch: 22, Steps: 169 | Train Loss: 0.2385487 Vali Loss: 0.2852007 Test Loss: 0.2050790
EarlyStopping counter: 11 out of 100
Updating learning rate to 1.3508517176729929e-05
	iters: 100, epoch: 23 | loss: 0.2807240
	speed: 0.1048s/iter; left time: 485.4773s
Epoch: 23 cost time: 9.874988555908203
Epoch: 23, Steps: 169 | Train Loss: 0.2351698 Vali Loss: 0.2776478 Test Loss: 0.2042267
EarlyStopping counter: 12 out of 100
Updating learning rate to 1.2157665459056936e-05
	iters: 100, epoch: 24 | loss: 0.1501264
	speed: 0.1030s/iter; left time: 459.9251s
Epoch: 24 cost time: 10.21257734298706
Epoch: 24, Steps: 169 | Train Loss: 0.2343510 Vali Loss: 0.3174307 Test Loss: 0.2031355
EarlyStopping counter: 13 out of 100
Updating learning rate to 1.0941898913151242e-05
	iters: 100, epoch: 25 | loss: 0.2471602
	speed: 0.1039s/iter; left time: 446.4506s
Epoch: 25 cost time: 10.130084037780762
Epoch: 25, Steps: 169 | Train Loss: 0.2351090 Vali Loss: 0.2922509 Test Loss: 0.2083391
EarlyStopping counter: 14 out of 100
Updating learning rate to 9.847709021836118e-06
	iters: 100, epoch: 26 | loss: 0.2861841
	speed: 0.1069s/iter; left time: 440.9804s
Epoch: 26 cost time: 10.586789608001709
Epoch: 26, Steps: 169 | Train Loss: 0.2313864 Vali Loss: 0.2776484 Test Loss: 0.2078698
EarlyStopping counter: 15 out of 100
Updating learning rate to 8.862938119652508e-06
	iters: 100, epoch: 27 | loss: 0.1401411
	speed: 0.1022s/iter; left time: 404.4646s
Epoch: 27 cost time: 9.813170909881592
Epoch: 27, Steps: 169 | Train Loss: 0.2318536 Vali Loss: 0.3183233 Test Loss: 0.2025247
EarlyStopping counter: 16 out of 100
Updating learning rate to 7.976644307687255e-06
	iters: 100, epoch: 28 | loss: 0.2150776
	speed: 0.1013s/iter; left time: 383.6714s
Epoch: 28 cost time: 10.041756391525269
Epoch: 28, Steps: 169 | Train Loss: 0.2295610 Vali Loss: 0.3088241 Test Loss: 0.2039413
EarlyStopping counter: 17 out of 100
Updating learning rate to 7.178979876918531e-06
	iters: 100, epoch: 29 | loss: 0.2985915
	speed: 0.1019s/iter; left time: 368.7631s
Epoch: 29 cost time: 10.194560289382935
Epoch: 29, Steps: 169 | Train Loss: 0.2272217 Vali Loss: 0.2871079 Test Loss: 0.2055073
EarlyStopping counter: 18 out of 100
Updating learning rate to 6.4610818892266776e-06
	iters: 100, epoch: 30 | loss: 0.3274726
	speed: 0.1057s/iter; left time: 364.6226s
Epoch: 30 cost time: 10.321049451828003
Epoch: 30, Steps: 169 | Train Loss: 0.2277984 Vali Loss: 0.3170978 Test Loss: 0.2041834
EarlyStopping counter: 19 out of 100
Updating learning rate to 5.8149737003040096e-06
	iters: 100, epoch: 31 | loss: 0.2013618
	speed: 0.1045s/iter; left time: 342.8764s
Epoch: 31 cost time: 10.072206020355225
Epoch: 31, Steps: 169 | Train Loss: 0.2278198 Vali Loss: 0.2909680 Test Loss: 0.2047873
EarlyStopping counter: 20 out of 100
Updating learning rate to 5.23347633027361e-06
	iters: 100, epoch: 32 | loss: 0.3041467
	speed: 0.1020s/iter; left time: 317.4228s
Epoch: 32 cost time: 9.951704740524292
Epoch: 32, Steps: 169 | Train Loss: 0.2256735 Vali Loss: 0.3161830 Test Loss: 0.2039152
EarlyStopping counter: 21 out of 100
Updating learning rate to 4.710128697246249e-06
	iters: 100, epoch: 33 | loss: 0.1943364
	speed: 0.1011s/iter; left time: 297.5318s
Epoch: 33 cost time: 10.118694067001343
Epoch: 33, Steps: 169 | Train Loss: 0.2251710 Vali Loss: 0.3064826 Test Loss: 0.2043203
EarlyStopping counter: 22 out of 100
Updating learning rate to 4.239115827521624e-06
	iters: 100, epoch: 34 | loss: 0.1326568
	speed: 0.1066s/iter; left time: 295.8287s
Epoch: 34 cost time: 10.058124780654907
Epoch: 34, Steps: 169 | Train Loss: 0.2253187 Vali Loss: 0.2969641 Test Loss: 0.2062423
EarlyStopping counter: 23 out of 100
Updating learning rate to 3.815204244769462e-06
	iters: 100, epoch: 35 | loss: 0.1363194
	speed: 0.0994s/iter; left time: 258.8462s
Epoch: 35 cost time: 9.865371227264404
Epoch: 35, Steps: 169 | Train Loss: 0.2250932 Vali Loss: 0.2899297 Test Loss: 0.2062208
EarlyStopping counter: 24 out of 100
Updating learning rate to 3.4336838202925152e-06
	iters: 100, epoch: 36 | loss: 0.2015745
	speed: 0.1021s/iter; left time: 248.6727s
Epoch: 36 cost time: 10.072364807128906
Epoch: 36, Steps: 169 | Train Loss: 0.2255023 Vali Loss: 0.3036670 Test Loss: 0.2034708
EarlyStopping counter: 25 out of 100
Updating learning rate to 3.090315438263264e-06
	iters: 100, epoch: 37 | loss: 0.1529865
	speed: 0.1012s/iter; left time: 229.4022s
Epoch: 37 cost time: 9.948808670043945
Epoch: 37, Steps: 169 | Train Loss: 0.2236823 Vali Loss: 0.2925369 Test Loss: 0.2049509
EarlyStopping counter: 26 out of 100
Updating learning rate to 2.7812838944369375e-06
	iters: 100, epoch: 38 | loss: 0.1163205
	speed: 0.1047s/iter; left time: 219.6295s
Epoch: 38 cost time: 10.09559679031372
Epoch: 38, Steps: 169 | Train Loss: 0.2258301 Vali Loss: 0.2920242 Test Loss: 0.2067526
EarlyStopping counter: 27 out of 100
Updating learning rate to 2.503155504993244e-06
	iters: 100, epoch: 39 | loss: 0.1564658
	speed: 0.0994s/iter; left time: 191.6838s
Epoch: 39 cost time: 9.960795164108276
Epoch: 39, Steps: 169 | Train Loss: 0.2243687 Vali Loss: 0.3019097 Test Loss: 0.2061266
EarlyStopping counter: 28 out of 100
Updating learning rate to 2.2528399544939195e-06
	iters: 100, epoch: 40 | loss: 0.1295464
	speed: 0.1033s/iter; left time: 181.7339s
Epoch: 40 cost time: 9.830337524414062
Epoch: 40, Steps: 169 | Train Loss: 0.2228888 Vali Loss: 0.2932504 Test Loss: 0.2060030
EarlyStopping counter: 29 out of 100
Updating learning rate to 2.0275559590445276e-06
	iters: 100, epoch: 41 | loss: 0.1957544
	speed: 0.0994s/iter; left time: 158.2227s
Epoch: 41 cost time: 9.939815282821655
Epoch: 41, Steps: 169 | Train Loss: 0.2238030 Vali Loss: 0.2845659 Test Loss: 0.2048360
EarlyStopping counter: 30 out of 100
Updating learning rate to 1.8248003631400751e-06
	iters: 100, epoch: 42 | loss: 0.2210142
	speed: 0.1026s/iter; left time: 145.9289s
Epoch: 42 cost time: 10.070859909057617
Epoch: 42, Steps: 169 | Train Loss: 0.2243511 Vali Loss: 0.2801553 Test Loss: 0.2046333
EarlyStopping counter: 31 out of 100
Updating learning rate to 1.6423203268260676e-06
	iters: 100, epoch: 43 | loss: 0.2635880
	speed: 0.1046s/iter; left time: 131.0350s
Epoch: 43 cost time: 10.204384565353394
Epoch: 43, Steps: 169 | Train Loss: 0.2203106 Vali Loss: 0.2905221 Test Loss: 0.2073487
EarlyStopping counter: 32 out of 100
Updating learning rate to 1.4780882941434609e-06
	iters: 100, epoch: 44 | loss: 0.1678421
	speed: 0.1031s/iter; left time: 111.7741s
Epoch: 44 cost time: 9.921092510223389
Epoch: 44, Steps: 169 | Train Loss: 0.2239640 Vali Loss: 0.3097980 Test Loss: 0.2048672
EarlyStopping counter: 33 out of 100
Updating learning rate to 1.3302794647291146e-06
	iters: 100, epoch: 45 | loss: 0.2185135
	speed: 0.1019s/iter; left time: 93.2019s
Epoch: 45 cost time: 10.094776630401611
Epoch: 45, Steps: 169 | Train Loss: 0.2217120 Vali Loss: 0.3013318 Test Loss: 0.2054598
EarlyStopping counter: 34 out of 100
Updating learning rate to 1.1972515182562034e-06
	iters: 100, epoch: 46 | loss: 0.2282803
	speed: 0.1022s/iter; left time: 76.2428s
Epoch: 46 cost time: 10.13755202293396
Epoch: 46, Steps: 169 | Train Loss: 0.2228903 Vali Loss: 0.3047146 Test Loss: 0.2055843
EarlyStopping counter: 35 out of 100
Updating learning rate to 1.077526366430583e-06
	iters: 100, epoch: 47 | loss: 0.1785727
	speed: 0.1036s/iter; left time: 59.7890s
Epoch: 47 cost time: 10.164315938949585
Epoch: 47, Steps: 169 | Train Loss: 0.2222207 Vali Loss: 0.3145598 Test Loss: 0.2044085
EarlyStopping counter: 36 out of 100
Updating learning rate to 9.697737297875248e-07
	iters: 100, epoch: 48 | loss: 0.2706599
	speed: 0.1015s/iter; left time: 41.4107s
Epoch: 48 cost time: 10.306777954101562
Epoch: 48, Steps: 169 | Train Loss: 0.2229294 Vali Loss: 0.3055377 Test Loss: 0.2040131
EarlyStopping counter: 37 out of 100
Updating learning rate to 8.727963568087723e-07
	iters: 100, epoch: 49 | loss: 0.2143669
	speed: 0.1099s/iter; left time: 26.2651s
Epoch: 49 cost time: 10.304014444351196
Epoch: 49, Steps: 169 | Train Loss: 0.2221037 Vali Loss: 0.2898408 Test Loss: 0.2044006
EarlyStopping counter: 38 out of 100
Updating learning rate to 7.855167211278951e-07
	iters: 100, epoch: 50 | loss: 0.2017884
	speed: 0.1038s/iter; left time: 7.2643s
Epoch: 50 cost time: 10.29147982597351
Epoch: 50, Steps: 169 | Train Loss: 0.2203979 Vali Loss: 0.3144422 Test Loss: 0.2062404
EarlyStopping counter: 39 out of 100
Updating learning rate to 7.069650490151056e-07
>>>>>>>testing : sunspot_PatchTST_custom_ftMS_sl96_ll48_pl24_dm128_nh8_el2_dl1_df2048_fc1_ebtimeF_dtTrue_EXP-17-0a-r2_0<<<<<<<<<<<<<<<<<<<<<<<<<<<<<<<<<
test 125
mse:0.2087084800004959, mae:0.35709089040756226, rse:0.4927787780761719
