Args in experiment:
Namespace(random_seed=2021, is_training=1, model_id='sunspot', model='PatchTST', data='custom', root_path='./PatchTST_supervised/dataset/', data_path='sunspot_with_cycle.csv', features='MS', target='ssn', freq='m', test_start='1996-08', test_end='2008-11', target_transform='', checkpoints='./checkpoints/', seq_len=336, label_len=48, pred_len=24, fc_dropout=0.2, head_dropout=0.0, patch_len=16, stride=8, padding_patch='end', revin=1, affine=0, subtract_last=0, decomposition=0, kernel_size=25, individual=0, embed_type=0, enc_in=3, dec_in=5, c_out=1, d_model=128, n_heads=8, e_layers=2, d_layers=1, d_ff=2048, moving_avg=25, factor=1, distil=True, dropout=0.2, embed='timeF', activation='gelu', output_attention=False, do_predict=False, num_workers=0, itr=1, train_epochs=50, batch_size=16, patience=100, learning_rate=0.0001, des='EXP-22-3', loss='wmse_th', wmse_alpha=1.0, lradj='type3', pct_start=0.3, use_amp=False, use_gpu=False, gpu=0, use_multi_gpu=False, devices='0,1,2,3', test_flop=False)
Use CPU
>>>>>>>start training : sunspot_PatchTST_custom_ftMS_sl336_ll48_pl24_dm128_nh8_el2_dl1_df2048_fc1_ebtimeF_dtTrue_EXP-22-3_0>>>>>>>>>>>>>>>>>>>>>>>>>>
train 2479
val 109
test 125
	iters: 100, epoch: 1 | loss: 1.6555229
	speed: 0.1913s/iter; left time: 1454.2233s
Epoch: 1 cost time: 28.996602058410645
Epoch: 1, Steps: 154 | Train Loss: 1.4173355 Vali Loss: 0.8192599 Test Loss: 0.4136159
Validation loss decreased (inf --> 0.819260).  Saving model ...
Updating learning rate to 0.0001
	iters: 100, epoch: 2 | loss: 0.3590380
	speed: 0.2959s/iter; left time: 2203.2343s
Epoch: 2 cost time: 29.207274675369263
Epoch: 2, Steps: 154 | Train Loss: 0.5967174 Vali Loss: 0.5199953 Test Loss: 0.2961183
Validation loss decreased (0.819260 --> 0.519995).  Saving model ...
Updating learning rate to 0.0001
	iters: 100, epoch: 3 | loss: 0.3380114
	speed: 0.2841s/iter; left time: 2071.7880s
Epoch: 3 cost time: 27.497514724731445
Epoch: 3, Steps: 154 | Train Loss: 0.4178188 Vali Loss: 0.5317208 Test Loss: 0.2950116
EarlyStopping counter: 1 out of 100
Updating learning rate to 0.0001
	iters: 100, epoch: 4 | loss: 0.3131829
	speed: 0.2858s/iter; left time: 2040.1837s
Epoch: 4 cost time: 28.046409130096436
Epoch: 4, Steps: 154 | Train Loss: 0.3852008 Vali Loss: 0.4267852 Test Loss: 0.2652164
Validation loss decreased (0.519995 --> 0.426785).  Saving model ...
Updating learning rate to 9e-05
	iters: 100, epoch: 5 | loss: 0.1888424
	speed: 0.2910s/iter; left time: 2032.5992s
Epoch: 5 cost time: 28.50544309616089
Epoch: 5, Steps: 154 | Train Loss: 0.3663462 Vali Loss: 0.4306649 Test Loss: 0.2733166
EarlyStopping counter: 1 out of 100
Updating learning rate to 8.1e-05
	iters: 100, epoch: 6 | loss: 0.3697486
	speed: 0.2910s/iter; left time: 1987.6588s
Epoch: 6 cost time: 27.651225090026855
Epoch: 6, Steps: 154 | Train Loss: 0.3512361 Vali Loss: 0.4028913 Test Loss: 0.2339683
Validation loss decreased (0.426785 --> 0.402891).  Saving model ...
Updating learning rate to 7.290000000000001e-05
	iters: 100, epoch: 7 | loss: 0.2442334
	speed: 0.2802s/iter; left time: 1870.6113s
Epoch: 7 cost time: 27.478729724884033
Epoch: 7, Steps: 154 | Train Loss: 0.3458453 Vali Loss: 0.5125856 Test Loss: 0.3217358
EarlyStopping counter: 1 out of 100
Updating learning rate to 6.561e-05
	iters: 100, epoch: 8 | loss: 0.2795891
	speed: 0.2958s/iter; left time: 1929.7457s
Epoch: 8 cost time: 29.63668465614319
Epoch: 8, Steps: 154 | Train Loss: 0.3369396 Vali Loss: 0.4682085 Test Loss: 0.2758048
EarlyStopping counter: 2 out of 100
Updating learning rate to 5.904900000000001e-05
	iters: 100, epoch: 9 | loss: 0.5240097
	speed: 0.2817s/iter; left time: 1794.3503s
Epoch: 9 cost time: 27.012293100357056
Epoch: 9, Steps: 154 | Train Loss: 0.3291448 Vali Loss: 0.5048603 Test Loss: 0.2870165
EarlyStopping counter: 3 out of 100
Updating learning rate to 5.3144100000000005e-05
	iters: 100, epoch: 10 | loss: 0.1716954
	speed: 0.2854s/iter; left time: 1773.9644s
Epoch: 10 cost time: 27.911041736602783
Epoch: 10, Steps: 154 | Train Loss: 0.3278900 Vali Loss: 0.5200641 Test Loss: 0.3102213
EarlyStopping counter: 4 out of 100
Updating learning rate to 4.782969000000001e-05
	iters: 100, epoch: 11 | loss: 0.2968038
	speed: 0.2854s/iter; left time: 1729.6211s
Epoch: 11 cost time: 28.206183195114136
Epoch: 11, Steps: 154 | Train Loss: 0.3234164 Vali Loss: 0.5277841 Test Loss: 0.2855173
EarlyStopping counter: 5 out of 100
Updating learning rate to 4.304672100000001e-05
	iters: 100, epoch: 12 | loss: 0.4333038
	speed: 0.2913s/iter; left time: 1720.9899s
Epoch: 12 cost time: 27.260080814361572
Epoch: 12, Steps: 154 | Train Loss: 0.3213318 Vali Loss: 0.4807985 Test Loss: 0.2696273
EarlyStopping counter: 6 out of 100
Updating learning rate to 3.874204890000001e-05
	iters: 100, epoch: 13 | loss: 0.2022167
	speed: 0.2747s/iter; left time: 1580.4931s
Epoch: 13 cost time: 27.463406324386597
Epoch: 13, Steps: 154 | Train Loss: 0.3143216 Vali Loss: 0.4590243 Test Loss: 0.2689303
EarlyStopping counter: 7 out of 100
Updating learning rate to 3.486784401000001e-05
	iters: 100, epoch: 14 | loss: 0.4544088
	speed: 0.2828s/iter; left time: 1583.2901s
Epoch: 14 cost time: 27.933671951293945
Epoch: 14, Steps: 154 | Train Loss: 0.3136218 Vali Loss: 0.4575094 Test Loss: 0.2709727
EarlyStopping counter: 8 out of 100
Updating learning rate to 3.138105960900001e-05
	iters: 100, epoch: 15 | loss: 0.1497176
	speed: 0.2838s/iter; left time: 1545.3421s
Epoch: 15 cost time: 27.34463596343994
Epoch: 15, Steps: 154 | Train Loss: 0.3075229 Vali Loss: 0.4690523 Test Loss: 0.2689217
EarlyStopping counter: 9 out of 100
Updating learning rate to 2.824295364810001e-05
	iters: 100, epoch: 16 | loss: 0.2745485
	speed: 0.2820s/iter; left time: 1491.8290s
Epoch: 16 cost time: 27.77786660194397
Epoch: 16, Steps: 154 | Train Loss: 0.3082497 Vali Loss: 0.4485250 Test Loss: 0.2689655
EarlyStopping counter: 10 out of 100
Updating learning rate to 2.541865828329001e-05
	iters: 100, epoch: 17 | loss: 0.4169737
	speed: 0.2846s/iter; left time: 1461.7339s
Epoch: 17 cost time: 28.338496923446655
Epoch: 17, Steps: 154 | Train Loss: 0.3050232 Vali Loss: 0.4598704 Test Loss: 0.2605010
EarlyStopping counter: 11 out of 100
Updating learning rate to 2.287679245496101e-05
	iters: 100, epoch: 18 | loss: 0.3800226
	speed: 0.2812s/iter; left time: 1401.2200s
Epoch: 18 cost time: 26.5224826335907
Epoch: 18, Steps: 154 | Train Loss: 0.3011899 Vali Loss: 0.4780217 Test Loss: 0.2839128
EarlyStopping counter: 12 out of 100
Updating learning rate to 2.0589113209464907e-05
	iters: 100, epoch: 19 | loss: 0.2098148
	speed: 0.2792s/iter; left time: 1348.0240s
Epoch: 19 cost time: 27.56849694252014
Epoch: 19, Steps: 154 | Train Loss: 0.3001231 Vali Loss: 0.4785829 Test Loss: 0.2781714
EarlyStopping counter: 13 out of 100
Updating learning rate to 1.8530201888518416e-05
	iters: 100, epoch: 20 | loss: 0.3105914
	speed: 0.2888s/iter; left time: 1349.9505s
Epoch: 20 cost time: 28.135215997695923
Epoch: 20, Steps: 154 | Train Loss: 0.2975507 Vali Loss: 0.4912971 Test Loss: 0.2776694
EarlyStopping counter: 14 out of 100
Updating learning rate to 1.6677181699666577e-05
	iters: 100, epoch: 21 | loss: 0.4204462
	speed: 0.2783s/iter; left time: 1258.2713s
Epoch: 21 cost time: 26.507208824157715
Epoch: 21, Steps: 154 | Train Loss: 0.2966390 Vali Loss: 0.4858475 Test Loss: 0.2779388
EarlyStopping counter: 15 out of 100
Updating learning rate to 1.5009463529699919e-05
	iters: 100, epoch: 22 | loss: 0.1851285
	speed: 0.2723s/iter; left time: 1189.3367s
Epoch: 22 cost time: 27.089267015457153
Epoch: 22, Steps: 154 | Train Loss: 0.2927229 Vali Loss: 0.4934225 Test Loss: 0.2759010
EarlyStopping counter: 16 out of 100
Updating learning rate to 1.3508517176729929e-05
	iters: 100, epoch: 23 | loss: 0.3544421
	speed: 0.2773s/iter; left time: 1168.0669s
Epoch: 23 cost time: 26.982749938964844
Epoch: 23, Steps: 154 | Train Loss: 0.2941133 Vali Loss: 0.4744528 Test Loss: 0.2727951
EarlyStopping counter: 17 out of 100
Updating learning rate to 1.2157665459056936e-05
	iters: 100, epoch: 24 | loss: 0.5395955
	speed: 0.2845s/iter; left time: 1154.6548s
Epoch: 24 cost time: 27.44934630393982
Epoch: 24, Steps: 154 | Train Loss: 0.2920658 Vali Loss: 0.5257155 Test Loss: 0.2977473
EarlyStopping counter: 18 out of 100
Updating learning rate to 1.0941898913151242e-05
	iters: 100, epoch: 25 | loss: 0.2917596
	speed: 0.2741s/iter; left time: 1070.4379s
Epoch: 25 cost time: 27.23412847518921
Epoch: 25, Steps: 154 | Train Loss: 0.2916709 Vali Loss: 0.4916905 Test Loss: 0.2882001
EarlyStopping counter: 19 out of 100
Updating learning rate to 9.847709021836118e-06
	iters: 100, epoch: 26 | loss: 0.1938176
	speed: 0.2808s/iter; left time: 1053.2938s
Epoch: 26 cost time: 27.179177284240723
Epoch: 26, Steps: 154 | Train Loss: 0.2880585 Vali Loss: 0.4846888 Test Loss: 0.2861227
EarlyStopping counter: 20 out of 100
Updating learning rate to 8.862938119652508e-06
	iters: 100, epoch: 27 | loss: 0.2628358
	speed: 0.2721s/iter; left time: 978.6738s
Epoch: 27 cost time: 26.336358070373535
Epoch: 27, Steps: 154 | Train Loss: 0.2849013 Vali Loss: 0.5045109 Test Loss: 0.2780074
EarlyStopping counter: 21 out of 100
Updating learning rate to 7.976644307687255e-06
	iters: 100, epoch: 28 | loss: 0.4232795
	speed: 0.2694s/iter; left time: 927.4442s
Epoch: 28 cost time: 26.490232706069946
Epoch: 28, Steps: 154 | Train Loss: 0.2887126 Vali Loss: 0.4963051 Test Loss: 0.2797316
EarlyStopping counter: 22 out of 100
Updating learning rate to 7.178979876918531e-06
	iters: 100, epoch: 29 | loss: 0.1963944
	speed: 0.2706s/iter; left time: 889.9493s
Epoch: 29 cost time: 27.04656982421875
Epoch: 29, Steps: 154 | Train Loss: 0.2833588 Vali Loss: 0.5005348 Test Loss: 0.2936756
EarlyStopping counter: 23 out of 100
Updating learning rate to 6.4610818892266776e-06
	iters: 100, epoch: 30 | loss: 0.3217543
	speed: 0.2818s/iter; left time: 883.5848s
Epoch: 30 cost time: 27.11407780647278
Epoch: 30, Steps: 154 | Train Loss: 0.2838294 Vali Loss: 0.5007601 Test Loss: 0.2918270
EarlyStopping counter: 24 out of 100
Updating learning rate to 5.8149737003040096e-06
	iters: 100, epoch: 31 | loss: 0.2132801
	speed: 0.2817s/iter; left time: 839.6969s
Epoch: 31 cost time: 27.75916075706482
Epoch: 31, Steps: 154 | Train Loss: 0.2819529 Vali Loss: 0.5286760 Test Loss: 0.2905802
EarlyStopping counter: 25 out of 100
Updating learning rate to 5.23347633027361e-06
	iters: 100, epoch: 32 | loss: 0.2224757
	speed: 0.2830s/iter; left time: 799.9245s
Epoch: 32 cost time: 27.96531105041504
Epoch: 32, Steps: 154 | Train Loss: 0.2827644 Vali Loss: 0.4715523 Test Loss: 0.2828136
EarlyStopping counter: 26 out of 100
Updating learning rate to 4.710128697246249e-06
	iters: 100, epoch: 33 | loss: 0.2443038
	speed: 0.2939s/iter; left time: 785.6294s
Epoch: 33 cost time: 28.190606594085693
Epoch: 33, Steps: 154 | Train Loss: 0.2791160 Vali Loss: 0.5137609 Test Loss: 0.2850125
EarlyStopping counter: 27 out of 100
Updating learning rate to 4.239115827521624e-06
	iters: 100, epoch: 34 | loss: 0.2072689
	speed: 0.2744s/iter; left time: 691.3038s
Epoch: 34 cost time: 26.877634525299072
Epoch: 34, Steps: 154 | Train Loss: 0.2802244 Vali Loss: 0.5416642 Test Loss: 0.2932224
EarlyStopping counter: 28 out of 100
Updating learning rate to 3.815204244769462e-06
	iters: 100, epoch: 35 | loss: 0.2171400
	speed: 0.2790s/iter; left time: 659.7646s
Epoch: 35 cost time: 27.70553159713745
Epoch: 35, Steps: 154 | Train Loss: 0.2817552 Vali Loss: 0.5274076 Test Loss: 0.2945022
EarlyStopping counter: 29 out of 100
Updating learning rate to 3.4336838202925152e-06
	iters: 100, epoch: 36 | loss: 0.2003768
	speed: 0.2862s/iter; left time: 632.7520s
Epoch: 36 cost time: 27.063239812850952
Epoch: 36, Steps: 154 | Train Loss: 0.2800374 Vali Loss: 0.5117971 Test Loss: 0.2894674
EarlyStopping counter: 30 out of 100
Updating learning rate to 3.090315438263264e-06
	iters: 100, epoch: 37 | loss: 0.2323305
	speed: 0.2720s/iter; left time: 559.4073s
Epoch: 37 cost time: 27.10146975517273
Epoch: 37, Steps: 154 | Train Loss: 0.2798603 Vali Loss: 0.5181556 Test Loss: 0.2925231
EarlyStopping counter: 31 out of 100
Updating learning rate to 2.7812838944369375e-06
	iters: 100, epoch: 38 | loss: 0.2312278
	speed: 0.2825s/iter; left time: 537.5442s
Epoch: 38 cost time: 27.56561255455017
Epoch: 38, Steps: 154 | Train Loss: 0.2781467 Vali Loss: 0.5095682 Test Loss: 0.2913022
EarlyStopping counter: 32 out of 100
Updating learning rate to 2.503155504993244e-06
	iters: 100, epoch: 39 | loss: 0.1989125
	speed: 0.2843s/iter; left time: 497.1805s
Epoch: 39 cost time: 27.791372060775757
Epoch: 39, Steps: 154 | Train Loss: 0.2782822 Vali Loss: 0.5113804 Test Loss: 0.2957811
EarlyStopping counter: 33 out of 100
Updating learning rate to 2.2528399544939195e-06
	iters: 100, epoch: 40 | loss: 0.2151090
	speed: 0.2785s/iter; left time: 444.2695s
Epoch: 40 cost time: 27.281425952911377
Epoch: 40, Steps: 154 | Train Loss: 0.2769302 Vali Loss: 0.5158010 Test Loss: 0.2962375
EarlyStopping counter: 34 out of 100
Updating learning rate to 2.0275559590445276e-06
	iters: 100, epoch: 41 | loss: 0.2395904
	speed: 0.2787s/iter; left time: 401.5393s
Epoch: 41 cost time: 27.46816396713257
Epoch: 41, Steps: 154 | Train Loss: 0.2798135 Vali Loss: 0.4895321 Test Loss: 0.2938063
EarlyStopping counter: 35 out of 100
Updating learning rate to 1.8248003631400751e-06
	iters: 100, epoch: 42 | loss: 0.2146923
	speed: 0.2860s/iter; left time: 368.0561s
Epoch: 42 cost time: 27.328914880752563
Epoch: 42, Steps: 154 | Train Loss: 0.2769497 Vali Loss: 0.5061491 Test Loss: 0.2948275
EarlyStopping counter: 36 out of 100
Updating learning rate to 1.6423203268260676e-06
	iters: 100, epoch: 43 | loss: 0.2085394
	speed: 0.2715s/iter; left time: 307.6107s
Epoch: 43 cost time: 26.997095823287964
Epoch: 43, Steps: 154 | Train Loss: 0.2771429 Vali Loss: 0.5101375 Test Loss: 0.2923639
EarlyStopping counter: 37 out of 100
Updating learning rate to 1.4780882941434609e-06
	iters: 100, epoch: 44 | loss: 0.3562883
	speed: 0.2877s/iter; left time: 281.6955s
Epoch: 44 cost time: 27.912683248519897
Epoch: 44, Steps: 154 | Train Loss: 0.2779526 Vali Loss: 0.5134232 Test Loss: 0.2887293
EarlyStopping counter: 38 out of 100
Updating learning rate to 1.3302794647291146e-06
	iters: 100, epoch: 45 | loss: 0.1893608
	speed: 0.2833s/iter; left time: 233.7474s
Epoch: 45 cost time: 27.852898836135864
Epoch: 45, Steps: 154 | Train Loss: 0.2763828 Vali Loss: 0.5247336 Test Loss: 0.2921090
EarlyStopping counter: 39 out of 100
Updating learning rate to 1.1972515182562034e-06
	iters: 100, epoch: 46 | loss: 0.2601152
	speed: 0.2827s/iter; left time: 189.7003s
Epoch: 46 cost time: 27.251163482666016
Epoch: 46, Steps: 154 | Train Loss: 0.2792104 Vali Loss: 0.4918477 Test Loss: 0.2932827
EarlyStopping counter: 40 out of 100
Updating learning rate to 1.077526366430583e-06
	iters: 100, epoch: 47 | loss: 0.2516403
	speed: 0.2772s/iter; left time: 143.3146s
Epoch: 47 cost time: 27.060726165771484
Epoch: 47, Steps: 154 | Train Loss: 0.2776061 Vali Loss: 0.5031641 Test Loss: 0.2932632
EarlyStopping counter: 41 out of 100
Updating learning rate to 9.697737297875248e-07
	iters: 100, epoch: 48 | loss: 0.2118073
	speed: 0.2828s/iter; left time: 102.6614s
Epoch: 48 cost time: 27.981077194213867
Epoch: 48, Steps: 154 | Train Loss: 0.2759535 Vali Loss: 0.4987533 Test Loss: 0.2920991
EarlyStopping counter: 42 out of 100
Updating learning rate to 8.727963568087723e-07
	iters: 100, epoch: 49 | loss: 0.4094113
	speed: 0.2838s/iter; left time: 59.3171s
Epoch: 49 cost time: 27.18852710723877
Epoch: 49, Steps: 154 | Train Loss: 0.2780244 Vali Loss: 0.4919775 Test Loss: 0.2940193
EarlyStopping counter: 43 out of 100
Updating learning rate to 7.855167211278951e-07
	iters: 100, epoch: 50 | loss: 0.2673478
	speed: 0.2734s/iter; left time: 15.0347s
Epoch: 50 cost time: 27.079033851623535
Epoch: 50, Steps: 154 | Train Loss: 0.2766065 Vali Loss: 0.4831451 Test Loss: 0.2933711
EarlyStopping counter: 44 out of 100
Updating learning rate to 7.069650490151056e-07
>>>>>>>testing : sunspot_PatchTST_custom_ftMS_sl336_ll48_pl24_dm128_nh8_el2_dl1_df2048_fc1_ebtimeF_dtTrue_EXP-22-3_0<<<<<<<<<<<<<<<<<<<<<<<<<<<<<<<<<
test 125
mse:0.2588692605495453, mae:0.40431126952171326, rse:0.5488101840019226
Args in experiment:
Namespace(random_seed=2021, is_training=0, model_id='sunspot', model='PatchTST', data='custom', root_path='./PatchTST_supervised/dataset/', data_path='sunspot_with_cycle.csv', features='MS', target='ssn', freq='m', test_start='1996-08', test_end='2008-11', target_transform='', checkpoints='./checkpoints/', seq_len=336, label_len=48, pred_len=24, fc_dropout=0.2, head_dropout=0.0, patch_len=16, stride=8, padding_patch='end', revin=1, affine=0, subtract_last=0, decomposition=0, kernel_size=25, individual=0, embed_type=0, enc_in=3, dec_in=5, c_out=1, d_model=128, n_heads=8, e_layers=2, d_layers=1, d_ff=2048, moving_avg=25, factor=1, distil=True, dropout=0.2, embed='timeF', activation='gelu', output_attention=False, do_predict=False, num_workers=0, itr=1, train_epochs=50, batch_size=16, patience=100, learning_rate=0.0001, des='EXP-22-3', loss='wmse_th', wmse_alpha=1.0, lradj='type3', pct_start=0.3, use_amp=False, use_gpu=False, gpu=0, use_multi_gpu=False, devices='0,1,2,3', test_flop=False)
Use CPU
>>>>>>>testing : sunspot_PatchTST_custom_ftMS_sl336_ll48_pl24_dm128_nh8_el2_dl1_df2048_fc1_ebtimeF_dtTrue_EXP-22-3_0<<<<<<<<<<<<<<<<<<<<<<<<<<<<<<<<<
test 125
loading model
mse:0.2022339105606079, mae:0.3535459041595459, rse:0.4850750267505646
